src/api/admin/admin.controller.ts(46,13): error TS2353: Object literal may only specify known properties, and 'credits' does not exist in type 'CustomerInclude<DefaultArgs>'.
src/api/admin/admin.controller.ts(87,18): error TS2322: Type 'string | string[]' is not assignable to type 'string | undefined'.
  Type 'string[]' is not assignable to type 'string'.
src/api/admin/admin.controller.ts(93,15): error TS2353: Object literal may only specify known properties, and 'campaigns' does not exist in type 'CustomerCountOutputTypeSelect<DefaultArgs>'.
src/api/admin/admin.controller.ts(119,9): error TS2322: Type '{ email: string; }' is not assignable to type 'CustomerWhereUniqueInput'.
  Type '{ email: string; }' is not assignable to type '{ id: string; businessId_phone: CustomerBusinessIdPhoneCompoundUniqueInput; businessId_email: CustomerBusinessIdEmailCompoundUniqueInput; } & { ...; }'.
    Type '{ email: string; }' is missing the following properties from type '{ id: string; businessId_phone: CustomerBusinessIdPhoneCompoundUniqueInput; businessId_email: CustomerBusinessIdEmailCompoundUniqueInput; }': id, businessId_phone, businessId_email
src/api/admin/admin.controller.ts(133,11): error TS2353: Object literal may only specify known properties, and 'password' does not exist in type '(Without<CustomerCreateInput, CustomerUncheckedCreateInput> & CustomerUncheckedCreateInput) | (Without<...> & CustomerCreateInput)'.
src/api/admin/admin.controller.ts(144,11): error TS2353: Object literal may only specify known properties, and 'credits' does not exist in type 'CustomerInclude<DefaultArgs>'.
src/api/admin/admin.controller.ts(170,18): error TS2322: Type 'string | string[]' is not assignable to type 'string | undefined'.
  Type 'string[]' is not assignable to type 'string'.
src/api/admin/admin.controller.ts(173,11): error TS2353: Object literal may only specify known properties, and 'credits' does not exist in type 'CustomerInclude<DefaultArgs>'.
src/api/admin/admin.controller.ts(198,18): error TS2322: Type 'string | string[]' is not assignable to type 'string | undefined'.
  Type 'string[]' is not assignable to type 'string'.
src/api/admin/admin.controller.ts(216,35): error TS2339: Property 'customerCredit' does not exist on type 'PrismaClient<PrismaClientOptions, never, DefaultArgs>'.
src/api/admin/admin.controller.ts(320,42): error TS2353: Object literal may only specify known properties, and 'isActive' does not exist in type 'CustomerWhereInput'.
src/api/admin/admin.routes.ts(2,29): error TS2307: Cannot find module '@clerk/express' or its corresponding type declarations.
src/api/advanced-analytics/advanced-analytics.routes.ts(33,23): error TS2345: Argument of type 'Error' is not assignable to parameter of type 'string'.
src/api/advanced-analytics/advanced-analytics.routes.ts(68,23): error TS2345: Argument of type 'Error' is not assignable to parameter of type 'string'.
src/api/advanced-analytics/advanced-analytics.routes.ts(92,23): error TS2345: Argument of type 'Error' is not assignable to parameter of type 'string'.
src/api/advanced-analytics/advanced-analytics.routes.ts(110,23): error TS2345: Argument of type 'Error' is not assignable to parameter of type 'string'.
src/api/advanced-analytics/advanced-analytics.routes.ts(153,13): error TS2322: Type 'string | string[]' is not assignable to type 'string'.
  Type 'string[]' is not assignable to type 'string'.
src/api/advanced-analytics/advanced-analytics.routes.ts(158,23): error TS2345: Argument of type 'Error' is not assignable to parameter of type 'string'.
src/api/advanced-analytics/advanced-analytics.routes.ts(173,13): error TS2322: Type 'string | string[]' is not assignable to type 'string'.
  Type 'string[]' is not assignable to type 'string'.
src/api/advanced-analytics/advanced-analytics.routes.ts(178,23): error TS2345: Argument of type 'Error' is not assignable to parameter of type 'string'.
src/api/advanced-analytics/advanced-analytics.routes.ts(193,13): error TS2322: Type 'string | string[]' is not assignable to type 'string'.
  Type 'string[]' is not assignable to type 'string'.
src/api/advanced-analytics/advanced-analytics.routes.ts(198,23): error TS2345: Argument of type 'Error' is not assignable to parameter of type 'string'.
src/api/advanced-analytics/advanced-analytics.routes.ts(216,23): error TS2345: Argument of type 'Error' is not assignable to parameter of type 'string'.
src/api/advanced-analytics/advanced-analytics.routes.ts(250,23): error TS2345: Argument of type 'Error' is not assignable to parameter of type 'string'.
src/api/advanced-campaigns/advanced-campaigns.routes.ts(46,56): error TS2345: Argument of type '{ name: string; campaignId: string; variants: { name: string; content: string; subject?: string | undefined; weight?: number | undefined; }[]; description?: string | undefined; winnerCriteria?: "OPEN_RATE" | ... 3 more ... | undefined; confidenceLevel?: number | undefined; sampleSize?: number | undefined; businessId...' is not assignable to parameter of type '{ businessId: string; campaignId: string; name: string; description?: string | undefined; variants: { name: string; content: string; subject?: string | undefined; weight?: number | undefined; }[]; winnerCriteria?: WinnerCriteria | undefined; confidenceLevel?: number | undefined; sampleSize?: number | undefined; }'.
  Types of property 'winnerCriteria' are incompatible.
    Type '"OPEN_RATE" | "CLICK_RATE" | "REPLY_RATE" | "CONVERSION_RATE" | undefined' is not assignable to type 'WinnerCriteria | undefined'.
      Type '"OPEN_RATE"' is not assignable to type 'WinnerCriteria | undefined'.
src/api/advanced-campaigns/advanced-campaigns.routes.ts(86,22): error TS2322: Type 'string | string[]' is not assignable to type 'string | undefined'.
  Type 'string[]' is not assignable to type 'string'.
src/api/advanced-campaigns/advanced-campaigns.routes.ts(90,34): error TS2345: Argument of type 'Error' is not assignable to parameter of type 'string'.
src/api/advanced-campaigns/advanced-campaigns.routes.ts(107,55): error TS2345: Argument of type 'string | string[]' is not assignable to parameter of type 'string'.
  Type 'string[]' is not assignable to type 'string'.
src/api/advanced-campaigns/advanced-campaigns.routes.ts(123,63): error TS2345: Argument of type 'string | string[]' is not assignable to parameter of type 'string'.
  Type 'string[]' is not assignable to type 'string'.
src/api/advanced-campaigns/advanced-campaigns.routes.ts(175,13): error TS2322: Type 'string | string[]' is not assignable to type 'string'.
  Type 'string[]' is not assignable to type 'string'.
src/api/ai-advanced/ai-advanced.routes.ts(70,17): error TS2322: Type 'string | string[]' is not assignable to type 'string'.
  Type 'string[]' is not assignable to type 'string'.
src/api/analytics/analytics.service.ts(419,9): error TS2353: Object literal may only specify known properties, and 'query' does not exist in type 'ResponseCacheSelect<DefaultArgs>'.
src/api/analytics/analytics.service.ts(439,18): error TS2339: Property 'query' does not exist on type '{ businessId: string; customerId: string | null; id: string; createdAt: Date; embeddingHash: string; queryText: string; queryNormalized: string; responseText: string; contextHash: string | null; ... 7 more ...; feedbackCount: number; }'.
src/api/analytics/analytics.service.ts(543,48): error TS2353: Object literal may only specify known properties, and 'isBlocked' does not exist in type 'CustomerWhereInput'.
src/api/auth/customer-auth.controller.ts(32,9): error TS2322: Type '{ email: string; }' is not assignable to type 'CustomerWhereUniqueInput'.
  Type '{ email: string; }' is not assignable to type '{ id: string; businessId_phone: CustomerBusinessIdPhoneCompoundUniqueInput; businessId_email: CustomerBusinessIdEmailCompoundUniqueInput; } & { ...; }'.
    Type '{ email: string; }' is missing the following properties from type '{ id: string; businessId_phone: CustomerBusinessIdPhoneCompoundUniqueInput; businessId_email: CustomerBusinessIdEmailCompoundUniqueInput; }': id, businessId_phone, businessId_email
src/api/auth/customer-auth.controller.ts(46,11): error TS2353: Object literal may only specify known properties, and 'password' does not exist in type '(Without<CustomerCreateInput, CustomerUncheckedCreateInput> & CustomerUncheckedCreateInput) | (Without<...> & CustomerCreateInput)'.
src/api/auth/customer-auth.controller.ts(87,9): error TS2322: Type '{ email: string; }' is not assignable to type 'CustomerWhereUniqueInput'.
  Type '{ email: string; }' is not assignable to type '{ id: string; businessId_phone: CustomerBusinessIdPhoneCompoundUniqueInput; businessId_email: CustomerBusinessIdEmailCompoundUniqueInput; } & { ...; }'.
    Type '{ email: string; }' is missing the following properties from type '{ id: string; businessId_phone: CustomerBusinessIdPhoneCompoundUniqueInput; businessId_email: CustomerBusinessIdEmailCompoundUniqueInput; }': id, businessId_phone, businessId_email
src/api/auth/customer-auth.controller.ts(94,21): error TS2339: Property 'isActive' does not exist on type '{ businessId: string; tags: string[]; name: string | null; email: string | null; id: string; phone: string | null; createdAt: Date; updatedAt: Date; metadata: JsonValue; ... 6 more ...; emailEncrypted: boolean; }'.
src/api/auth/customer-auth.controller.ts(99,79): error TS2339: Property 'password' does not exist on type '{ businessId: string; tags: string[]; name: string | null; email: string | null; id: string; phone: string | null; createdAt: Date; updatedAt: Date; metadata: JsonValue; ... 6 more ...; emailEncrypted: boolean; }'.
src/api/auth/customer-auth.controller.ts(154,11): error TS2353: Object literal may only specify known properties, and 'credits' does not exist in type 'CustomerInclude<DefaultArgs>'.
src/api/auth/customer-auth.controller.ts(168,30): error TS2339: Property 'aiConfig' does not exist on type '{ businessId: string; tags: string[]; name: string | null; email: string | null; id: string; phone: string | null; createdAt: Date; updatedAt: Date; metadata: JsonValue; ... 6 more ...; emailEncrypted: boolean; }'.
src/api/auth/customer-auth.controller.ts(169,37): error TS2339: Property 'enabledChannels' does not exist on type '{ businessId: string; tags: string[]; name: string | null; email: string | null; id: string; phone: string | null; createdAt: Date; updatedAt: Date; metadata: JsonValue; ... 6 more ...; emailEncrypted: boolean; }'.
src/api/auth/customer-auth.controller.ts(172,29): error TS2339: Property 'credits' does not exist on type '{ businessId: string; tags: string[]; name: string | null; email: string | null; id: string; phone: string | null; createdAt: Date; updatedAt: Date; metadata: JsonValue; ... 6 more ...; emailEncrypted: boolean; }'.
src/api/auth/customer-auth.controller.ts(210,11): error TS2353: Object literal may only specify known properties, and 'aiConfig' does not exist in type 'CustomerSelect<DefaultArgs>'.
src/api/auth/customer-auth.controller.ts(255,76): error TS2339: Property 'password' does not exist on type '{ businessId: string; tags: string[]; name: string | null; email: string | null; id: string; phone: string | null; createdAt: Date; updatedAt: Date; metadata: JsonValue; ... 6 more ...; emailEncrypted: boolean; }'.
src/api/auth/customer-auth.controller.ts(266,17): error TS2353: Object literal may only specify known properties, and 'password' does not exist in type '(Without<CustomerUpdateInput, CustomerUncheckedUpdateInput> & CustomerUncheckedUpdateInput) | (Without<...> & CustomerUpdateInput)'.
src/api/campaigns/campaign.controller.ts(43,13): error TS2353: Object literal may only specify known properties, and '_count' does not exist in type 'CampaignInclude<DefaultArgs>'.
src/api/campaigns/campaign.controller.ts(131,11): error TS2322: Type '"SCHEDULED" | "EVENT_BASED"' is not assignable to type 'CampaignType'.
  Type '"SCHEDULED"' is not assignable to type 'CampaignType'.
src/api/campaigns/campaign.controller.ts(138,11): error TS2322: Type '{ type: "BIRTHDAY" | "APPOINTMENT" | "NO_INTERACTION"; days?: number | undefined; } | null' is not assignable to type 'NullableJsonNullValueInput | InputJsonValue | undefined'.
  Type 'null' is not assignable to type 'NullableJsonNullValueInput | InputJsonValue | undefined'.
src/api/campaigns/campaign.controller.ts(171,18): error TS2322: Type 'string | string[]' is not assignable to type 'string | StringFilter<"Campaign"> | undefined'.
  Type 'string[]' is not assignable to type 'string | StringFilter<"Campaign"> | undefined'.
src/api/campaigns/campaign.controller.ts(173,11): error TS2353: Object literal may only specify known properties, and '_count' does not exist in type 'CampaignInclude<DefaultArgs>'.
src/api/campaigns/campaign.controller.ts(239,18): error TS2322: Type 'string | string[]' is not assignable to type 'string | StringFilter<"Campaign"> | undefined'.
  Type 'string[]' is not assignable to type 'string | StringFilter<"Campaign"> | undefined'.
src/api/campaigns/campaign.controller.ts(279,18): error TS2322: Type 'string | string[]' is not assignable to type 'string | undefined'.
  Type 'string[]' is not assignable to type 'string'.
src/api/campaigns/campaign.controller.ts(310,18): error TS2322: Type 'string | string[]' is not assignable to type 'string | StringFilter<"Campaign"> | undefined'.
  Type 'string[]' is not assignable to type 'string | StringFilter<"Campaign"> | undefined'.
src/api/campaigns/campaign.controller.ts(325,18): error TS2322: Type 'string | string[]' is not assignable to type 'string | undefined'.
  Type 'string[]' is not assignable to type 'string'.
src/api/campaigns/campaign.controller.ts(350,18): error TS2322: Type 'string | string[]' is not assignable to type 'string | StringFilter<"Campaign"> | undefined'.
  Type 'string[]' is not assignable to type 'string | StringFilter<"Campaign"> | undefined'.
src/api/campaigns/campaign.controller.ts(379,18): error TS2322: Type 'string | string[]' is not assignable to type 'string | undefined'.
  Type 'string[]' is not assignable to type 'string'.
src/api/campaigns/campaign.controller.ts(384,49): error TS2345: Argument of type 'string | string[]' is not assignable to parameter of type 'string'.
  Type 'string[]' is not assignable to type 'string'.
src/api/campaigns/campaign.controller.ts(410,18): error TS2322: Type 'string | string[]' is not assignable to type 'string | StringFilter<"Campaign"> | undefined'.
  Type 'string[]' is not assignable to type 'string | StringFilter<"Campaign"> | undefined'.
src/api/conversations/conversation.controller.ts(112,18): error TS2322: Type 'string | string[]' is not assignable to type 'string | StringFilter<"Conversation"> | undefined'.
  Type 'string[]' is not assignable to type 'string | StringFilter<"Conversation"> | undefined'.
src/api/conversations/conversation.controller.ts(142,32): error TS2551: Property 'customer' does not exist on type '{ businessId: string; customerId: string; id: string; updatedAt: Date; metadata: JsonValue; channel: Channel; status: ConversationStatus; summary: string | null; startedAt: Date; endedAt: Date | null; }'. Did you mean 'customerId'?
src/api/conversations/conversation.controller.ts(145,36): error TS2339: Property '_count' does not exist on type '{ businessId: string; customerId: string; id: string; updatedAt: Date; metadata: JsonValue; channel: Channel; status: ConversationStatus; summary: string | null; startedAt: Date; endedAt: Date | null; }'.
src/api/conversations/conversation.controller.ts(164,18): error TS2322: Type 'string | string[]' is not assignable to type 'string | StringFilter<"Conversation"> | undefined'.
  Type 'string[]' is not assignable to type 'string | StringFilter<"Conversation"> | undefined'.
src/api/conversations/conversation.controller.ts(178,20): error TS2322: Type 'string | string[]' is not assignable to type 'string | StringFilter<"Message"> | undefined'.
  Type 'string[]' is not assignable to type 'string | StringFilter<"Message"> | undefined'.
src/api/conversations/conversation.controller.ts(191,37): error TS2322: Type 'string | string[]' is not assignable to type 'string | StringFilter<"Message"> | undefined'.
  Type 'string[]' is not assignable to type 'string | StringFilter<"Message"> | undefined'.
src/api/conversations/conversation.controller.ts(234,18): error TS2322: Type 'string | string[]' is not assignable to type 'string | StringFilter<"Conversation"> | undefined'.
  Type 'string[]' is not assignable to type 'string | StringFilter<"Conversation"> | undefined'.
src/api/conversations/conversation.controller.ts(243,18): error TS2322: Type 'string | string[]' is not assignable to type 'string | undefined'.
  Type 'string[]' is not assignable to type 'string'.
src/api/conversations/conversation.controller.ts(288,18): error TS2322: Type 'string | string[]' is not assignable to type 'string | StringFilter<"Conversation"> | undefined'.
  Type 'string[]' is not assignable to type 'string | StringFilter<"Conversation"> | undefined'.
src/api/conversations/conversation.controller.ts(297,18): error TS2322: Type 'string | string[]' is not assignable to type 'string | undefined'.
  Type 'string[]' is not assignable to type 'string'.
src/api/conversations/conversation.controller.ts(299,11): error TS2322: Type '"HUMAN_HANDOFF"' is not assignable to type 'ConversationStatus | EnumConversationStatusFieldUpdateOperationsInput | undefined'.
src/api/conversations/conversation.controller.ts(340,18): error TS2322: Type 'string | string[]' is not assignable to type 'string | StringFilter<"Conversation"> | undefined'.
  Type 'string[]' is not assignable to type 'string | StringFilter<"Conversation"> | undefined'.
src/api/conversations/conversation.controller.ts(350,18): error TS2322: Type 'string | string[]' is not assignable to type 'string | undefined'.
  Type 'string[]' is not assignable to type 'string'.
src/api/crm/crm.routes.ts(60,36): error TS2693: 'CRMProvider' only refers to a type, but is being used as a value here.
src/api/crm/crm.routes.ts(80,17): error TS2698: Spread types may only be created from object types.
src/api/crm/crm.routes.ts(81,17): error TS2698: Spread types may only be created from object types.
src/api/crm/crm.routes.ts(82,17): error TS2698: Spread types may only be created from object types.
src/api/crm/crm.routes.ts(83,17): error TS2698: Spread types may only be created from object types.
src/api/crm/crm.routes.ts(84,17): error TS2698: Spread types may only be created from object types.
src/api/crm/crm.routes.ts(85,17): error TS2698: Spread types may only be created from object types.
src/api/crm/crm.routes.ts(95,17): error TS2322: Type 'unknown' is not assignable to type 'CRMProvider'.
src/api/crm/crm.routes.ts(96,17): error TS2322: Type 'unknown' is not assignable to type 'string | null | undefined'.
src/api/crm/crm.routes.ts(97,17): error TS2322: Type 'unknown' is not assignable to type 'string | null | undefined'.
src/api/crm/crm.routes.ts(98,17): error TS2322: Type 'unknown' is not assignable to type 'string | null | undefined'.
src/api/crm/crm.routes.ts(99,17): error TS2322: Type 'unknown' is not assignable to type 'string | null | undefined'.
src/api/crm/crm.routes.ts(100,17): error TS2322: Type 'unknown' is not assignable to type 'string | null | undefined'.
src/api/crm/crm.routes.ts(102,17): error TS2322: Type '{}' is not assignable to type 'boolean | undefined'.
src/api/crm/crm.routes.ts(103,17): error TS2322: Type '{}' is not assignable to type 'boolean | undefined'.
src/api/crm/crm.routes.ts(104,17): error TS2322: Type '{}' is not assignable to type 'boolean | undefined'.
src/api/crm/crm.routes.ts(105,17): error TS2322: Type '{}' is not assignable to type 'boolean | undefined'.
src/api/crm/crm.routes.ts(106,17): error TS2322: Type '{}' is not assignable to type 'boolean | undefined'.
src/api/crm/crm.routes.ts(120,23): error TS2345: Argument of type 'Error' is not assignable to parameter of type 'string'.
src/api/crm/crm.routes.ts(136,34): error TS2345: Argument of type 'Error' is not assignable to parameter of type 'string'.
src/api/crm/crm.routes.ts(147,34): error TS2345: Argument of type 'Error' is not assignable to parameter of type 'string'.
src/api/crm/crm.routes.ts(153,27): error TS2345: Argument of type 'Error' is not assignable to parameter of type 'string'.
src/api/crm/crm.routes.ts(179,34): error TS2345: Argument of type 'Error' is not assignable to parameter of type 'string'.
src/api/crm/crm.routes.ts(188,27): error TS2345: Argument of type 'Error' is not assignable to parameter of type 'string'.
src/api/crm/crm.routes.ts(214,34): error TS2345: Argument of type 'Error' is not assignable to parameter of type 'string'.
src/api/crm/crm.routes.ts(223,27): error TS2345: Argument of type 'Error' is not assignable to parameter of type 'string'.
src/api/customers/customer.controller.ts(117,18): error TS2322: Type 'string | string[]' is not assignable to type 'string | StringFilter<"Customer"> | undefined'.
  Type 'string[]' is not assignable to type 'string | StringFilter<"Customer"> | undefined'.
src/api/customers/customer.controller.ts(145,39): error TS2339: Property '_count' does not exist on type '{ businessId: string; tags: string[]; name: string | null; email: string | null; id: string; phone: string | null; createdAt: Date; updatedAt: Date; metadata: JsonValue; ... 6 more ...; emailEncrypted: boolean; }'.
src/api/customers/customer.controller.ts(146,33): error TS2339: Property '_count' does not exist on type '{ businessId: string; tags: string[]; name: string | null; email: string | null; id: string; phone: string | null; createdAt: Date; updatedAt: Date; metadata: JsonValue; ... 6 more ...; emailEncrypted: boolean; }'.
src/api/customers/customer.controller.ts(166,18): error TS2322: Type 'string | string[]' is not assignable to type 'string | StringFilter<"Customer"> | undefined'.
  Type 'string[]' is not assignable to type 'string | StringFilter<"Customer"> | undefined'.
src/api/customers/customer.controller.ts(179,18): error TS2322: Type 'string | string[]' is not assignable to type 'string | StringFilter<"Conversation"> | undefined'.
  Type 'string[]' is not assignable to type 'string | StringFilter<"Conversation"> | undefined'.
src/api/customers/customer.controller.ts(193,18): error TS2322: Type 'string | string[]' is not assignable to type 'string | StringFilter<"Conversation"> | undefined'.
  Type 'string[]' is not assignable to type 'string | StringFilter<"Conversation"> | undefined'.
src/api/customers/customer.controller.ts(204,30): error TS2339: Property '_count' does not exist on type '{ businessId: string; customerId: string; id: string; updatedAt: Date; metadata: JsonValue; channel: Channel; status: ConversationStatus; summary: string | null; startedAt: Date; endedAt: Date | null; }'.
src/api/customers/customer.controller.ts(231,18): error TS2322: Type 'string | string[]' is not assignable to type 'string | StringFilter<"Customer"> | undefined'.
  Type 'string[]' is not assignable to type 'string | StringFilter<"Customer"> | undefined'.
src/api/customers/customer.controller.ts(242,18): error TS2322: Type 'string | string[]' is not assignable to type 'string | StringFilter<"Conversation"> | undefined'.
  Type 'string[]' is not assignable to type 'string | StringFilter<"Conversation"> | undefined'.
src/api/customers/customer.controller.ts(249,27): error TS2322: Type 'string | string[]' is not assignable to type 'string | StringFilter<"Conversation"> | undefined'.
  Type 'string[]' is not assignable to type 'string | StringFilter<"Conversation"> | undefined'.
src/api/customers/customer.controller.ts(257,18): error TS2322: Type 'string | string[]' is not assignable to type 'string | StringFilter<"Conversation"> | undefined'.
  Type 'string[]' is not assignable to type 'string | StringFilter<"Conversation"> | undefined'.
src/api/customers/customer.controller.ts(271,74): error TS18048: 's._count' is possibly 'undefined'.
src/api/customers/customer.controller.ts(271,83): error TS2339: Property 'id' does not exist on type 'true | { id?: number | undefined; businessId?: number | undefined; customerId?: number | undefined; channel?: number | undefined; status?: number | undefined; summary?: number | undefined; ... 4 more ...; _all?: number | undefined; }'.
  Property 'id' does not exist on type 'true'.
src/api/customers/customer.controller.ts(272,26): error TS18048: 'messageStats._count' is possibly 'undefined'.
src/api/customers/customer.controller.ts(272,46): error TS2339: Property 'id' does not exist on type 'true | { id?: number | undefined; conversationId?: number | undefined; role?: number | undefined; content?: number | undefined; channel?: number | undefined; status?: number | undefined; ... 5 more ...; _all?: number | undefined; }'.
  Property 'id' does not exist on type 'true'.
src/api/customers/customer.controller.ts(273,26): error TS18048: 'messageStats._avg' is possibly 'undefined'.
src/api/customers/customer.controller.ts(273,60): error TS18048: 'messageStats._avg' is possibly 'undefined'.
src/api/customers/customer.controller.ts(277,30): error TS18048: 'stat._count' is possibly 'undefined'.
src/api/customers/customer.controller.ts(277,42): error TS2339: Property 'id' does not exist on type 'true | { id?: number | undefined; businessId?: number | undefined; customerId?: number | undefined; channel?: number | undefined; status?: number | undefined; summary?: number | undefined; ... 4 more ...; _all?: number | undefined; }'.
  Property 'id' does not exist on type 'true'.
src/api/customers/customer.controller.ts(308,18): error TS2322: Type 'string | string[]' is not assignable to type 'string | StringFilter<"Customer"> | undefined'.
  Type 'string[]' is not assignable to type 'string | StringFilter<"Customer"> | undefined'.
src/api/customers/customer.controller.ts(321,18): error TS2322: Type 'string | string[]' is not assignable to type 'string | undefined'.
  Type 'string[]' is not assignable to type 'string'.
src/api/customers/customer.controller.ts(358,18): error TS2322: Type 'string | string[]' is not assignable to type 'string | StringFilter<"Customer"> | undefined'.
  Type 'string[]' is not assignable to type 'string | StringFilter<"Customer"> | undefined'.
src/api/customers/customer.controller.ts(371,18): error TS2322: Type 'string | string[]' is not assignable to type 'string | undefined'.
  Type 'string[]' is not assignable to type 'string'.
src/api/customers/customer.controller.ts(398,18): error TS2322: Type 'string | string[]' is not assignable to type 'string | StringFilter<"Customer"> | undefined'.
  Type 'string[]' is not assignable to type 'string | StringFilter<"Customer"> | undefined'.
src/api/customers/customer.controller.ts(407,18): error TS2322: Type 'string | string[]' is not assignable to type 'string | undefined'.
  Type 'string[]' is not assignable to type 'string'.
src/api/customers/customer.controller.ts(456,18): error TS2322: Type 'string | string[]' is not assignable to type 'string | StringFilter<"Customer"> | undefined'.
  Type 'string[]' is not assignable to type 'string | StringFilter<"Customer"> | undefined'.
src/api/customers/customer.controller.ts(467,18): error TS2322: Type 'string | string[]' is not assignable to type 'string | undefined'.
  Type 'string[]' is not assignable to type 'string'.
src/features/ai-advanced/ai-advanced.services.ts(579,21): error TS2322: Type 'string' is not assignable to type 'UrgencyLevel | undefined'.
src/features/audit/audit-logger.service.ts(288,13): error TS18004: No value exists in scope for the shorthand property 'req'. Either declare one or provide an initializer.
src/features/cache/semantic-cache.service.ts(449,7): error TS2353: Object literal may only specify known properties, and 'response' does not exist in type 'BackgroundFetch<string>'.
src/features/cache/semantic-cache.service.ts(465,17): error TS2339: Property 'expiresAt' does not exist on type 'string'.
src/features/campaigns-advanced/campaigns-advanced.services.ts(508,17): error TS2322: Type 'string | null' is not assignable to type 'string | undefined'.
  Type 'null' is not assignable to type 'string | undefined'.
src/features/cost-control/abuse-detection.service.ts(104,37): error TS2345: Argument of type 'Promise<"ALLOW" | "THROTTLE" | "BLOCK" | "BAN">' is not assignable to parameter of type 'string'.
src/features/cost-control/abuse-detection.service.ts(109,9): error TS2322: Type 'Promise<"ALLOW" | "THROTTLE" | "BLOCK" | "BAN">' is not assignable to type '"ALLOW" | "THROTTLE" | "BLOCK" | "BAN"'.
src/middleware/abuse-detection.middleware.ts(42,7): error TS2322: Type 'string | string[]' is not assignable to type 'string'.
  Type 'string[]' is not assignable to type 'string'.
src/middleware/abuse-detection.middleware.ts(43,7): error TS2322: Type 'string | string[]' is not assignable to type 'string | undefined'.
  Type 'string[]' is not assignable to type 'string'.
src/middleware/abuse-detection.middleware.ts(156,16): error TS2322: Type 'string | string[]' is not assignable to type 'string | undefined'.
  Type 'string[]' is not assignable to type 'string'.
src/middleware/abuse-detection.middleware.ts(202,13): error TS2322: Type 'string | string[]' is not assignable to type 'string | StringFilter<"Conversation"> | undefined'.
  Type 'string[]' is not assignable to type 'string | StringFilter<"Conversation"> | undefined'.
src/middleware/cost-gate.middleware.ts(27,66): error TS2345: Argument of type 'string | string[]' is not assignable to parameter of type 'string'.
  Type 'string[]' is not assignable to type 'string'.
src/middleware/cost-gate.middleware.ts(54,39): error TS2345: Argument of type 'string | string[]' is not assignable to parameter of type 'string'.
  Type 'string[]' is not assignable to type 'string'.
src/middleware/customer-auth.middleware.ts(52,9): error TS2353: Object literal may only specify known properties, and 'isActive' does not exist in type 'CustomerWhereUniqueInput'.
src/middleware/customer-auth.middleware.ts(63,7): error TS2322: Type 'string | null' is not assignable to type 'string'.
  Type 'null' is not assignable to type 'string'.
src/middleware/customer-auth.middleware.ts(105,11): error TS2353: Object literal may only specify known properties, and 'isActive' does not exist in type 'CustomerWhereUniqueInput'.
src/middleware/customer-auth.middleware.ts(112,11): error TS2322: Type 'string | null' is not assignable to type 'string'.
  Type 'null' is not assignable to type 'string'.
src/middleware/rate-limit.middleware.ts(39,51): error TS2345: Argument of type 'string | string[]' is not assignable to parameter of type 'string'.
  Type 'string[]' is not assignable to type 'string'.
src/middleware/rate-limit.middleware.ts(50,71): error TS2345: Argument of type 'string | string[]' is not assignable to parameter of type 'string'.
  Type 'string[]' is not assignable to type 'string'.
src/middleware/rate-limit.middleware.ts(67,9): error TS2345: Argument of type 'string | string[]' is not assignable to parameter of type 'string'.
  Type 'string[]' is not assignable to type 'string'.
src/middleware/request-tracing.middleware.ts(65,5): error TS2322: Type 'ReqId | null' is not assignable to type 'string | null'.
  Type 'number' is not assignable to type 'string'.
src/queue/workers/cost-report.worker.ts(206,35): error TS2345: Argument of type '(string | null)[]' is not assignable to parameter of type 'string[]'.
  Type 'string | null' is not assignable to type 'string'.
    Type 'null' is not assignable to type 'string'.
src/queue/workers/cost-report.worker.ts(257,35): error TS2345: Argument of type '(string | null)[]' is not assignable to parameter of type 'string[]'.
  Type 'string | null' is not assignable to type 'string'.
    Type 'null' is not assignable to type 'string'.
src/queue/workers/proactive.worker.ts(221,42): error TS2339: Property 'checkBudget' does not exist on type 'typeof BudgetService'.
src/routes/admin-channels.routes.ts(16,22): error TS2322: Type 'string | string[]' is not assignable to type 'string | undefined'.
  Type 'string[]' is not assignable to type 'string'.
src/routes/admin-channels.routes.ts(73,22): error TS2322: Type 'string | string[]' is not assignable to type 'string | undefined'.
  Type 'string[]' is not assignable to type 'string'.
src/routes/admin-channels.routes.ts(120,13): error TS2322: Type '{ name: any; email: any; phone: any; industry: any; enabledChannels: any; credits: { create: { totalCredits: any; availableCredits: any; monthlyBudget: any; }; }; }' is not assignable to type '(Without<BusinessCreateInput, BusinessUncheckedCreateInput> & BusinessUncheckedCreateInput) | (Without<...> & BusinessCreateInput)'.
  Type '{ name: any; email: any; phone: any; industry: any; enabledChannels: any; credits: { create: { totalCredits: any; availableCredits: any; monthlyBudget: any; }; }; }' is not assignable to type 'Without<BusinessUncheckedCreateInput, BusinessCreateInput> & BusinessCreateInput'.
    Property 'clerkId' is missing in type '{ name: any; email: any; phone: any; industry: any; enabledChannels: any; credits: { create: { totalCredits: any; availableCredits: any; monthlyBudget: any; }; }; }' but required in type 'BusinessCreateInput'.
src/routes/admin-channels.routes.ts(198,38): error TS2339: Property 'toUpperCase' does not exist on type 'string | string[]'.
  Property 'toUpperCase' does not exist on type 'string[]'.
src/routes/admin-channels.routes.ts(201,22): error TS2322: Type 'string | string[]' is not assignable to type 'string | undefined'.
  Type 'string[]' is not assignable to type 'string'.
src/routes/admin-channels.routes.ts(217,22): error TS2322: Type 'string | string[]' is not assignable to type 'string | undefined'.
  Type 'string[]' is not assignable to type 'string'.
src/routes/admin-channels.routes.ts(244,38): error TS2339: Property 'toUpperCase' does not exist on type 'string | string[]'.
  Property 'toUpperCase' does not exist on type 'string[]'.
src/routes/admin-channels.routes.ts(247,22): error TS2322: Type 'string | string[]' is not assignable to type 'string | undefined'.
  Type 'string[]' is not assignable to type 'string'.
src/routes/admin-channels.routes.ts(256,22): error TS2322: Type 'string | string[]' is not assignable to type 'string | undefined'.
  Type 'string[]' is not assignable to type 'string'.
src/routes/admin-tiers.routes.ts(17,22): error TS2322: Type 'string | string[]' is not assignable to type 'string | undefined'.
  Type 'string[]' is not assignable to type 'string'.
src/routes/admin-tiers.routes.ts(98,22): error TS2322: Type 'string | string[]' is not assignable to type 'string | undefined'.
  Type 'string[]' is not assignable to type 'string'.
src/routes/admin-tiers.routes.ts(182,22): error TS2322: Type 'string | string[]' is not assignable to type 'string | undefined'.
  Type 'string[]' is not assignable to type 'string'.
src/routes/admin-tiers.routes.ts(257,24): error TS2538: Type 'string[]' cannot be used as an index type.
src/routes/admin-tiers.routes.ts(269,22): error TS2322: Type 'string | string[]' is not assignable to type 'string | undefined'.
  Type 'string[]' is not assignable to type 'string'.
src/routes/admin-tiers.routes.ts(337,22): error TS2322: Type 'string | string[]' is not assignable to type 'string | undefined'.
  Type 'string[]' is not assignable to type 'string'.
src/routes/voice-context.routes.ts(163,36): error TS2304: Cannot find name 'phoneNumber'.
src/routes/voice-context.routes.ts(277,25): error TS2322: Type '"COMPLETED"' is not assignable to type 'ConversationStatus | EnumConversationStatusFieldUpdateOperationsInput | undefined'.
src/security/security-setup.ts(77,18): error TS2339: Property 'auth' does not exist on type 'Request<ParamsDictionary, any, any, ParsedQs, Record<string, any>>'.
src/services/ai-orchestrator/prompt-builder.service.ts(45,68): error TS2345: Argument of type 'boolean | undefined' is not assignable to parameter of type 'boolean'.
  Type 'undefined' is not assignable to type 'boolean'.
src/services/ai-orchestrator/prompt-builder.service.ts(108,18): error TS2339: Property 'industry' does not exist on type '{ id: string; name: string; config?: Record<string, any> | undefined; }'.
src/services/ai-orchestrator/prompt-builder.service.ts(109,75): error TS2339: Property 'industry' does not exist on type '{ id: string; name: string; config?: Record<string, any> | undefined; }'.
src/services/ai-orchestrator/prompt-builder.service.ts(134,16): error TS18048: 'customer.trustScore' is possibly 'undefined'.
src/test/utils.ts(174,7): error TS2683: 'this' implicitly has type 'any' because it does not have a type annotation.
src/test/utils.ts(175,14): error TS2683: 'this' implicitly has type 'any' because it does not have a type annotation.
src/test/utils.ts(178,7): error TS2683: 'this' implicitly has type 'any' because it does not have a type annotation.
src/test/utils.ts(179,14): error TS2683: 'this' implicitly has type 'any' because it does not have a type annotation.
src/test/utils.ts(182,7): error TS2683: 'this' implicitly has type 'any' because it does not have a type annotation.
src/test/utils.ts(183,14): error TS2683: 'this' implicitly has type 'any' because it does not have a type annotation.
